// Jest Snapshot v1, https://goo.gl/fbAQLP

exports[`Alert renders an Alert correctly 1`] = `
ShallowWrapper {
  "length": 1,
  Symbol(enzyme.__root__): [Circular],
  Symbol(enzyme.__unrendered__): <Alert
    description="This is the alert body text"
    message="Alert error title"
    type="error"
  />,
  Symbol(enzyme.__renderer__): Object {
    "batchedUpdates": [Function],
    "getNode": [Function],
    "render": [Function],
    "simulateEvent": [Function],
    "unmount": [Function],
  },
  Symbol(enzyme.__node__): Object {
    "instance": null,
    "key": undefined,
    "nodeType": "host",
    "props": Object {
      "children": Array [
        <FontAwesomeIcon$1
          border={false}
          className=""
          fixedWidth={true}
          flip={null}
          icon="exclamation-circle"
          listItem={false}
          mask={null}
          name=""
          pull={null}
          pulse={false}
          rotation={null}
          size="2x"
          spin={false}
          symbol={false}
          transform={null}
        />,
        <h3>
          Alert error title
        </h3>,
        <p>
          This is the alert body text
        </p>,
      ],
      "className": "alert error",
      "role": "alert",
    },
    "ref": null,
    "rendered": Array [
      Object {
        "instance": null,
        "key": undefined,
        "nodeType": "function",
        "props": Object {
          "border": false,
          "className": "",
          "fixedWidth": true,
          "flip": null,
          "icon": "exclamation-circle",
          "listItem": false,
          "mask": null,
          "name": "",
          "pull": null,
          "pulse": false,
          "rotation": null,
          "size": "2x",
          "spin": false,
          "symbol": false,
          "transform": null,
        },
        "ref": null,
        "rendered": null,
        "type": [Function],
      },
      Object {
        "instance": null,
        "key": undefined,
        "nodeType": "host",
        "props": Object {
          "children": "Alert error title",
        },
        "ref": null,
        "rendered": "Alert error title",
        "type": "h3",
      },
      Object {
        "instance": null,
        "key": undefined,
        "nodeType": "host",
        "props": Object {
          "children": "This is the alert body text",
        },
        "ref": null,
        "rendered": "This is the alert body text",
        "type": "p",
      },
    ],
    "type": "div",
  },
  Symbol(enzyme.__nodes__): Array [
    Object {
      "instance": null,
      "key": undefined,
      "nodeType": "host",
      "props": Object {
        "children": Array [
          <FontAwesomeIcon$1
            border={false}
            className=""
            fixedWidth={true}
            flip={null}
            icon="exclamation-circle"
            listItem={false}
            mask={null}
            name=""
            pull={null}
            pulse={false}
            rotation={null}
            size="2x"
            spin={false}
            symbol={false}
            transform={null}
          />,
          <h3>
            Alert error title
          </h3>,
          <p>
            This is the alert body text
          </p>,
        ],
        "className": "alert error",
        "role": "alert",
      },
      "ref": null,
      "rendered": Array [
        Object {
          "instance": null,
          "key": undefined,
          "nodeType": "function",
          "props": Object {
            "border": false,
            "className": "",
            "fixedWidth": true,
            "flip": null,
            "icon": "exclamation-circle",
            "listItem": false,
            "mask": null,
            "name": "",
            "pull": null,
            "pulse": false,
            "rotation": null,
            "size": "2x",
            "spin": false,
            "symbol": false,
            "transform": null,
          },
          "ref": null,
          "rendered": null,
          "type": [Function],
        },
        Object {
          "instance": null,
          "key": undefined,
          "nodeType": "host",
          "props": Object {
            "children": "Alert error title",
          },
          "ref": null,
          "rendered": "Alert error title",
          "type": "h3",
        },
        Object {
          "instance": null,
          "key": undefined,
          "nodeType": "host",
          "props": Object {
            "children": "This is the alert body text",
          },
          "ref": null,
          "rendered": "This is the alert body text",
          "type": "p",
        },
      ],
      "type": "div",
    },
  ],
  Symbol(enzyme.__options__): Object {
    "adapter": ReactFifteenAdapter {
      "options": Object {
        "supportPrevContextArgumentOfComponentDidUpdate": true,
      },
    },
  },
}
`;
